// Jest Snapshot v1, https://goo.gl/fbAQLP

exports[`CalcButton render tests Test if component is render correctly 1`] = `undefined`;
